#
# There is insufficient memory for the Java Runtime Environment to continue.
# Native memory allocation (malloc) failed to allocate 32744 bytes for ChunkPool::allocate
# Possible reasons:
#   The system is out of physical RAM or swap space
#   The process is running with CompressedOops enabled, and the Java Heap may be blocking the growth of the native heap
# Possible solutions:
#   Reduce memory load on the system
#   Increase physical memory or swap space
#   Check if swap backing store is full
#   Decrease Java heap size (-Xmx/-Xms)
#   Decrease number of Java threads
#   Decrease Java thread stack sizes (-Xss)
#   Set larger code cache with -XX:ReservedCodeCacheSize=
#
#  
#
# 
]
V  [jvm.dll+0x7d9cfd]
V  [jvm.dll+0x7db60e]
V  [jvm.dll+0x7dbc73]
V  [jvm.dll+0x245e1f]
V  [jvm.dll+0xaad50]
V  [jvm.dll+0xab09c]
V  [jvm.dll+0x656140]
V  [jvm.dll+0x33e360]
V  [jvm.dll+0x6885fe]
V  [jvm.dll+0x68656a]
V  [jvm.dll+0x1a6ddc]
V  [jvm.dll+0x2aaa1c]
V  [jvm.dll+0x691043]
V  [jvm.dll+0x689016]
V  [jvm.dll+0x688660]
V  [jvm.dll+0x68656a]
V  [jvm.dll+0x1a6ddc]
V  [jvm.dll+0x217118]
V  [jvm.dll+0x1a3bc0]
V  [jvm.dll+0x2272de]
V  [jvm.dll+0x22548b]
V  [jvm.dll+0x78f58c]
V  [jvm.dll+0x78998a]
V  [jvm.dll+0x677875]
C  [ucrtbase.dll+0x37b0]
C  [KERNEL32.DLL+0x2e8d7]
C  [ntdll.dll+0x8d9c]


---------------  P R O C E S S  ---------------

Threads class SMR info:
_java_thread_list=0x0000027de135be40, length=13, elements={
0x0000027dfd4886f0, 0x0000027d9a93f060, 0x0000027d9a93f930, 0x0000027d9a96a970,
0x0000027d9a96b240, 0x0000027d9a96eb30, 0x0000027d9a971020, 0x0000027d9a9718e0,
0x0000027d9a973ec0, 0x0000027d9a9743e0, 0x0000027d9ab26ae0, 0x0000027d9ac025f0,
0x0000027de0757ba0
}

Java Threads: ( => current thread )
  0x0000027dfd4886f0 JavaThread "main" [_thread_in_native, id=29788, stack(0x000000d2aa200000,0x000000d2aa300000)]
  0x0000027d9a93f060 JavaThread "Reference Handler" daemon [_thread_blocked, id=2196, stack(0x000000d2aa900000,0x000000d2aaa00000)]
  0x0000027d9a93f930 JavaThread "Finalizer" daemon [_thread_blocked, id=8052, stack(0x000000d2aaa00000,0x000000d2aab00000)]
  0x0000027d9a96a970 JavaThread "Signal Dispatcher" daemon [_thread_blocked, id=25440, stack(0x000000d2aab00000,0x000000d2aac00000)]
  0x0000027d9a96b240 JavaThread "Attach Listener" daemon [_thread_blocked, id=45800, stack(0x000000d2aac00000,0x000000d2aad00000)]
  0x0000027d9a96eb30 JavaThread "Service Thread" daemon [_thread_blocked, id=45496, stack(0x000000d2aad00000,0x000000d2aae00000)]
  0x0000027d9a971020 JavaThread "Monitor Deflation Thread" daemon [_thread_blocked, id=24544, stack(0x000000d2aae00000,0x000000d2aaf00000)]
=>0x0000027d9a9718e0 JavaThread "C2 CompilerThread0" daemon [_thread_in_native, id=18716, stack(0x000000d2aaf00000,0x000000d2ab000000)]
  0x0000027d9a973ec0 JavaThread "C1 CompilerThread0" daemon [_thread_blocked, id=7232, stack(0x000000d2ab000000,0x000000d2ab100000)]
  0x0000027d9a9743e0 JavaThread "Sweeper thread" daemon [_thread_blocked, id=43508, stack(0x000000d2ab100000,0x000000d2ab200000)]
  0x0000027d9ab26ae0 JavaThread "Notification Thread" daemon [_thread_blocked, id=27216, stack(0x000000d2ab600000,0x000000d2ab700000)]
  0x0000027d9ac025f0 JavaThread "Common-Cleaner" daemon [_thread_blocked, id=13304, stack(0x000000d2ab800000,0x000000d2ab900000)]
  0x0000027de0757ba0 JavaThread "pool-1-thread-1" [_thread_blocked, id=46028, stack(0x000000d2abf00000,0x000000d2ac000000)]

Other Threads:
  0x0000027d9a938790 VMThread "VM Thread" [stack: 0x000000d2aa800000,0x000000d2aa900000] [id=30448]
  0x0000027dfd5011e0 WatcherThread [stack: 0x000000d2ab700000,0x000000d2ab800000] [id=1436]
  0x0000027dfd4ad9e0 GCTaskThread "GC Thread#0" [stack: 0x000000d2aa300000,0x000000d2aa400000] [id=32296]
  0x0000027de012de10 GCTaskThread "GC Thread#1" [stack: 0x000000d2abc00000,0x000000d2abd00000] [id=24116]
  0x0000027de0106cd0 GCTaskThread "GC Thread#2" [stack: 0x000000d2abd00000,0x000000d2abe00000] [id=16848]
  0x0000027de02f90d0 GCTaskThread "GC Thread#3" [stack: 0x000000d2abe00000,0x000000d2abf00000] [id=37460]
  0x0000027de0de9c60 GCTaskThread "GC Thread#4" [stack: 0x000000d2ac000000,0x000000d2ac100000] [id=28480]
  0x0000027de0de9420 GCTaskThread "GC Thread#5" [stack: 0x000000d2ac100000,0x000000d2ac200000] [id=25032]
  0x0000027de0de99a0 GCTaskThread "GC Thread#6" [stack: 0x000000d2ac200000,0x000000d2ac300000] [id=48540]
  0x0000027dfd4a7060 ConcurrentGCThread "G1 Main Marker" [stack: 0x000000d2aa400000,0x000000d2aa500000] [id=46912]
  0x0000027dfd4b2440 ConcurrentGCThread "G1 Conc#0" [stack: 0x000000d2aa500000,0x000000d2aa600000] [id=29748]
  0x0000027d9a7f4160 ConcurrentGCThread "G1 Refine#0" [stack: 0x000000d2aa600000,0x000000d2aa700000] [id=44136]
  0x0000027d9a7f69b0 ConcurrentGCThread "G1 Service" [stack: 0x000000d2aa700000,0x000000d2aa800000] [id=37580]

Threads with active compile tasks:
C2 CompilerThread0   174550 2425       4       java.lang.AbstractStringBuilder::append (55 bytes)

VM state: not at safepoint (normal execution)

VM Mutex/Monitor currently owned by a thread: None

Heap address: 0x00000000fc000000, size: 64 MB, Compressed Oops mode: 32-bit

CDS archive(s) mapped at: [0x0000027d9b000000-0x0000027d9bbd0000-0x0000027d9bbd0000), size 12386304, SharedBaseAddress: 0x0000027d9b000000, ArchiveRelocationMode: 1.
Compressed class space mapped at: 0x0000027d9c000000-0x0000027ddc000000, reserved size: 1073741824
Narrow klass base: 0x0000027d9b000000, Narrow klass shift: 0, Narrow klass range: 0x100000000

GC Precious Log:
 CPUs: 32 total, 32 available
 Memory: 16077M
 Large Page Support: Disabled
 NUMA Support: Disabled
 Compressed Oops: Enabled (32-bit)
 Heap Region Size: 1M
 Heap Min Capacity: 64M
 Heap Initial Capacity: 64M
 Heap Max Capacity: 64M
 Pre-touch: Disabled
 Parallel Workers: 23
 Concurrent Workers: 6
 Concurrent Refinement Workers: 23
 Periodic GC: Disabled

Heap:
 garbage-first heap   total 65536K, used 31825K [0x00000000fc000000, 0x0000000100000000)
  region size 1024K, 25 young (25600K), 4 survivors (4096K)
 Metaspace       used 10859K, committed 11072K, reserved 1114112K
  class space    used 1377K, committed 1472K, reserved 1048576K

Heap Regions: E=young(eden), S=young(survivor), O=old, HS=humongous(starts), HC=humongous(continues), CS=collection set, F=free, OA=open archive, CA=closed archive, TAMS=top-at-mark-start (previous, next)
|   0|0x00000000fc000000, 0x00000000fc100000, 0x00000000fc100000|100%|HS|  |TAMS 0x00000000fc000000, 0x00000000fc000000| Complete 
|   1|0x00000000fc100000, 0x00000000fc200000, 0x00000000fc200000|100%|HC|  |TAMS 0x00000000fc100000, 0x00000000fc100000| Complete 
|   2|0x00000000fc200000, 0x00000000fc300000, 0x00000000fc300000|100%|HC|  |TAMS 0x00000000fc200000, 0x00000000fc200000| Complete 
|   3|0x00000000fc300000, 0x00000000fc400000, 0x00000000fc400000|100%| O|  |TAMS 0x00000000fc300000, 0x00000000fc300000| Untracked 
|   4|0x00000000fc400000, 0x00000000fc500000, 0x00000000fc500000|100%| O|  |TAMS 0x00000000fc400000, 0x00000000fc400000| Untracked 
|   5|0x00000000fc500000, 0x00000000fc600000, 0x00000000fc600000|100%| O|  |TAMS 0x00000000fc500000, 0x00000000fc500000| Untracked 
|   6|0x00000000fc600000, 0x00000000fc700000, 0x00000000fc700000|100%| O|  |TAMS 0x00000000fc600000, 0x00000000fc600000| Untracked 
|   7|0x00000000fc700000, 0x00000000fc714400, 0x00000000fc800000|  7%| O|  |TAMS 0x00000000fc700000, 0x00000000fc700000| Untracked 
|   8|0x00000000fc800000, 0x00000000fc800000, 0x00000000fc900000|  0%| F|  |TAMS 0x00000000fc800000, 0x00000000fc800000| Untracked 
|   9|0x00000000fc900000, 0x00000000fc900000, 0x00000000fca00000|  0%| F|  |TAMS 0x00000000fc900000, 0x00000000fc900000| Untracked 
|  10|0x00000000fca00000, 0x00000000fca00000, 0x00000000fcb00000|  0%| F|  |TAMS 0x00000000fca00000, 0x00000000fca00000| Untracked 
|  11|0x00000000fcb00000, 0x00000000fcb00000, 0x00000000fcc00000|  0%| F|  |TAMS 0x00000000fcb00000, 0x00000000fcb00000| Untracked 
|  12|0x00000000fcc00000, 0x00000000fcc00000, 0x00000000fcd00000|  0%| F|  |TAMS 0x00000000fcc00000, 0x00000000fcc00000| Untracked 
|  13|0x00000000fcd00000, 0x00000000fcd00000, 0x00000000fce00000|  0%| F|  |TAMS 0x00000000fcd00000, 0x00000000fcd00000| Untracked 
|  14|0x00000000fce00000, 0x00000000fce00000, 0x00000000fcf00000|  0%| F|  |TAMS 0x00000000fce00000, 0x00000000fce00000| Untracked 
|  15|0x00000000fcf00000, 0x00000000fcf00000, 0x00000000fd000000|  0%| F|  |TAMS 0x00000000fcf00000, 0x00000000fcf00000| Untracked 
|  16|0x00000000fd000000, 0x00000000fd000000, 0x00000000fd100000|  0%| F|  |TAMS 0x00000000fd000000, 0x00000000fd000000| Untracked 
|  17|0x00000000fd100000, 0x00000000fd100000, 0x00000000fd200000|  0%| F|  |TAMS 0x00000000fd100000, 0x00000000fd100000| Untracked 
|  18|0x00000000fd200000, 0x00000000fd200000, 0x00000000fd300000|  0%| F|  |TAMS 0x00000000fd200000, 0x00000000fd200000| Untracked 
|  19|0x00000000fd300000, 0x00000000fd300000, 0x00000000fd400000|  0%| F|  |TAMS 0x00000000fd300000, 0x00000000fd300000| Untracked 
|  20|0x00000000fd400000, 0x00000000fd400000, 0x00000000fd500000|  0%| F|  |TAMS 0x00000000fd400000, 0x00000000fd400000| Untracked 
|  21|0x00000000fd500000, 0x00000000fd500000, 0x00000000fd600000|  0%| F|  |TAMS 0x00000000fd500000, 0x00000000fd500000| Untracked 
|  22|0x00000000fd600000, 0x00000000fd600000, 0x00000000fd700000|  0%| F|  |TAMS 0x00000000fd600000, 0x00000000fd600000| Untracked 
|  23|0x00000000fd700000, 0x00000000fd700000, 0x00000000fd800000|  0%| F|  |TAMS 0x00000000fd700000, 0x00000000fd700000| Untracked 
|  24|0x00000000fd800000, 0x00000000fd800000, 0x00000000fd900000|  0%| F|  |TAMS 0x00000000fd800000, 0x00000000fd800000| Untracked 
|  25|0x00000000fd900000, 0x00000000fd900000, 0x00000000fda00000|  0%| F|  |TAMS 0x00000000fd900000, 0x00000000fd900000| Untracked 
|  26|0x00000000fda00000, 0x00000000fda00000, 0x00000000fdb00000|  0%| F|  |TAMS 0x00000000fda00000, 0x00000000fda00000| Untracked 
|  27|0x00000000fdb00000, 0x00000000fdb00000, 0x00000000fdc00000|  0%| F|  |TAMS 0x00000000fdb00000, 0x00000000fdb00000| Untracked 
|  28|0x00000000fdc00000, 0x00000000fdd00000, 0x00000000fdd00000|100%| S|CS|TAMS 0x00000000fdc00000, 0x00000000fdc00000| Complete 
|  29|0x00000000fdd00000, 0x00000000fde00000, 0x00000000fde00000|100%| S|CS|TAMS 0x00000000fdd00000, 0x00000000fdd00000| Complete 
|  30|0x00000000fde00000, 0x00000000fdf00000, 0x00000000fdf00000|100%| S|CS|TAMS 0x00000000fde00000, 0x00000000fde00000| Complete 
|  31|0x00000000fdf00000, 0x00000000fe000000, 0x00000000fe000000|100%| S|CS|TAMS 0x00000000fdf00000, 0x00000000fdf00000| Complete 
|  32|0x00000000fe000000, 0x00000000fe000000, 0x00000000fe100000|  0%| F|  |TAMS 0x00000000fe000000, 0x00000000fe000000| Untracked 
|  33|0x00000000fe100000, 0x00000000fe100000, 0x00000000fe200000|  0%| F|  |TAMS 0x00000000fe100000, 0x00000000fe100000| Untracked 
|  34|0x00000000fe200000, 0x00000000fe200000, 0x00000000fe300000|  0%| F|  |TAMS 0x00000000fe200000, 0x00000000fe200000| Untracked 
|  35|0x00000000fe300000, 0x00000000fe300000, 0x00000000fe400000|  0%| F|  |TAMS 0x00000000fe300000, 0x00000000fe300000| Untracked 
|  36|0x00000000fe400000, 0x00000000fe400000, 0x00000000fe500000|  0%| F|  |TAMS 0x00000000fe400000, 0x00000000fe400000| Untracked 
|  37|0x00000000fe500000, 0x00000000fe500000, 0x00000000fe600000|  0%| F|  |TAMS 0x00000000fe500000, 0x00000000fe500000| Untracked 
|  38|0x00000000fe600000, 0x00000000fe600000, 0x00000000fe700000|  0%| F|  |TAMS 0x00000000fe600000, 0x00000000fe600000| Untracked 
|  39|0x00000000fe700000, 0x00000000fe700000, 0x00000000fe800000|  0%| F|  |TAMS 0x00000000fe700000, 0x00000000fe700000| Untracked 
|  40|0x00000000fe800000, 0x00000000fe800000, 0x00000000fe900000|  0%| F|  |TAMS 0x00000000fe800000, 0x00000000fe800000| Untracked 
|  41|0x00000000fe900000, 0x00000000fe900000, 0x00000000fea00000|  0%| F|  |TAMS 0x00000000fe900000, 0x00000000fe900000| Untracked 
|  42|0x00000000fea00000, 0x00000000fea00000, 0x00000000feb00000|  0%| F|  |TAMS 0x00000000fea00000, 0x00000000fea00000| Untracked 
|  43|0x00000000feb00000, 0x00000000feb6c920, 0x00000000fec00000| 42%| E|  |TAMS 0x00000000feb00000, 0x00000000feb00000| Complete 
|  44|0x00000000fec00000, 0x00000000fed00000, 0x00000000fed00000|100%| E|CS|TAMS 0x00000000fec00000, 0x00000000fec00000| Complete 
|  45|0x00000000fed00000, 0x00000000fee00000, 0x00000000fee00000|100%| E|CS|TAMS 0x00000000fed00000, 0x00000000fed00000| Complete 
|  46|0x00000000fee00000, 0x00000000fef00000, 0x00000000fef00000|100%| E|CS|TAMS 0x00000000fee00000, 0x00000000fee00000| Complete 
|  47|0x00000000fef00000, 0x00000000ff000000, 0x00000000ff000000|100%| E|CS|TAMS 0x00000000fef00000, 0x00000000fef00000| Complete 
|  48|0x00000000ff000000, 0x00000000ff100000, 0x00000000ff100000|100%| E|CS|TAMS 0x00000000ff000000, 0x00000000ff000000| Complete 
|  49|0x00000000ff100000, 0x00000000ff200000, 0x00000000ff200000|100%| E|CS|TAMS 0x00000000ff100000, 0x00000000ff100000| Complete 
|  50|0x00000000ff200000, 0x00000000ff300000, 0x00000000ff300000|100%| E|CS|TAMS 0x00000000ff200000, 0x00000000ff200000| Complete 
|  51|0x00000000ff300000, 0x00000000ff400000, 0x00000000ff400000|100%| E|CS|TAMS 0x00000000ff300000, 0x00000000ff300000| Complete 
|  52|0x00000000ff400000, 0x00000000ff500000, 0x00000000ff500000|100%| E|CS|TAMS 0x00000000ff400000, 0x00000000ff400000| Complete 
|  53|0x00000000ff500000, 0x00000000ff600000, 0x00000000ff600000|100%| E|CS|TAMS 0x00000000ff500000, 0x00000000ff500000| Complete 
|  54|0x00000000ff600000, 0x00000000ff700000, 0x00000000ff700000|100%| E|CS|TAMS 0x00000000ff600000, 0x00000000ff600000| Complete 
|  55|0x00000000ff700000, 0x00000000ff800000, 0x00000000ff800000|100%| E|CS|TAMS 0x00000000ff700000, 0x00000000ff700000| Complete 
|  56|0x00000000ff800000, 0x00000000ff900000, 0x00000000ff900000|100%| E|CS|TAMS 0x00000000ff800000, 0x00000000ff800000| Complete 
|  57|0x00000000ff900000, 0x00000000ffa00000, 0x00000000ffa00000|100%| E|CS|TAMS 0x00000000ff900000, 0x00000000ff900000| Complete 
|  58|0x00000000ffa00000, 0x00000000ffb00000, 0x00000000ffb00000|100%| E|CS|TAMS 0x00000000ffa00000, 0x00000000ffa00000| Complete 
|  59|0x00000000ffb00000, 0x00000000ffc00000, 0x00000000ffc00000|100%| E|CS|TAMS 0x00000000ffb00000, 0x00000000ffb00000| Complete 
|  60|0x00000000ffc00000, 0x00000000ffd00000, 0x00000000ffd00000|100%| E|CS|TAMS 0x00000000ffc00000, 0x00000000ffc00000| Complete 
|  61|0x00000000ffd00000, 0x00000000ffe00000, 0x00000000ffe00000|100%| E|CS|TAMS 0x00000000ffd00000, 0x00000000ffd00000| Complete 
|  62|0x00000000ffe00000, 0x00000000fff00000, 0x00000000fff00000|100%| E|CS|TAMS 0x00000000ffe00000, 0x00000000ffe00000| Complete 
|  63|0x00000000fff00000, 0x0000000100000000, 0x0000000100000000|100%| E|CS|TAMS 0x00000000fff00000, 0x00000000fff00000| Complete 

Card table byte_map: [0x0000027dfd200000,0x0000027dfd220000] _byte_map_base: 0x0000027dfca20000

Marking Bits (Prev, Next): (CMBitMap*) 0x0000027dfd4aef20, (CMBitMap*) 0x0000027dfd4aef60
 Prev Bits: [0x0000027dfff00000, 0x0000027e00000000)
 Next Bits: [0x0000027d96e30000, 0x0000027d96f30000)

Polling page: 0x0000027dfd1b0000

Metaspace:

Usage:
  Non-class:      9.26 MB used.
      Class:      1.35 MB used.
       Both:     10.60 MB used.

Virtual space:
  Non-class space:       64.00 MB reserved,       9.38 MB ( 15%) committed,  1 nodes.
      Class space:        1.00 GB reserved,       1.44 MB ( <1%) committed,  1 nodes.
             Both:        1.06 GB reserved,      10.81 MB ( <1%) committed. 

Chunk freelists:
   Non-Class:  6.26 MB
       Class:  14.57 MB
        Both:  20.82 MB

MaxMetaspaceSize: unlimited
CompressedClassSpaceSize: 1.00 GB
Initial GC threshold: 21.00 MB
Current GC threshold: 21.00 MB
CDS: on
MetaspaceReclaimPolicy: balanced
 - commit_granule_bytes: 65536.
 - commit_granule_words: 8192.
 - virtual_space_node_default_size: 8388608.
 - enlarge_chunks_in_place: 1.
 - new_chunks_are_fully_committed: 0.
 - uncommit_free_chunks: 1.
 - use_allocation_guard: 0.
 - handle_deallocations: 1.


Internal statistics:

num_allocs_failed_limit: 0.
num_arena_births: 94.
num_arena_deaths: 0.
num_vsnodes_births: 2.
num_vsnodes_deaths: 0.
num_space_committed: 173.
num_space_uncommitted: 0.
num_chunks_returned_to_freelist: 0.
num_chunks_taken_from_freelist: 385.
num_chunk_merges: 0.
num_chunk_splits: 251.
num_chunks_enlarged: 198.
num_inconsistent_stats: 0.

CodeHeap 'non-profiled nmethods': size=118848Kb used=940Kb max_used=940Kb free=117907Kb
 bounds [0x0000027d8f3c0000, 0x0000027d8f630000, 0x0000027d967d0000]
CodeHeap 'profiled nmethods': size=118848Kb used=4755Kb max_used=4755Kb free=114092Kb
 bounds [0x0000027d877d0000, 0x0000027d87c80000, 0x0000027d8ebe0000]
CodeHeap 'non-nmethods': size=8064Kb used=1198Kb max_used=3460Kb free=6865Kb
 bounds [0x0000027d8ebe0000, 0x0000027d8ef50000, 0x0000027d8f3c0000]
 total_blobs=2916 nmethods=2424 adapters=404
 compilation: enabled
              stopped_count=0, restarted_count=0
 full_count=0

Compilation events (20 events):
Event: 165.505 Thread 0x0000027d9a973ec0 nmethod 2415 0x0000027d87c71710 code [0x0000027d87c718e0, 0x0000027d87c71bc8]
Event: 165.505 Thread 0x0000027d9a973ec0 2416       3       com.google.common.collect.UnmodifiableListIterator::<init> (5 bytes)
Event: 165.505 Thread 0x0000027d9a973ec0 nmethod 2416 0x0000027d87c71d10 code [0x0000027d87c71ec0, 0x0000027d87c72078]
Event: 166.499 Thread 0x0000027d9a973ec0 2417       3       com.google.common.collect.ImmutableList::iterator (5 bytes)
Event: 166.500 Thread 0x0000027d9a973ec0 nmethod 2417 0x0000027d87c72190 code [0x0000027d87c72340, 0x0000027d87c726c8]
Event: 166.500 Thread 0x0000027d9a973ec0 2418       3       com.google.common.collect.ImmutableList::iterator (5 bytes)
Event: 166.500 Thread 0x0000027d9a973ec0 nmethod 2418 0x0000027d87c72810 code [0x0000027d87c729c0, 0x0000027d87c72c68]
Event: 166.500 Thread 0x0000027d9a973ec0 2419       3       com.google.common.collect.ImmutableList::listIterator (6 bytes)
Event: 166.500 Thread 0x0000027d9a973ec0 nmethod 2419 0x0000027d87c72d90 code [0x0000027d87c72f40, 0x0000027d87c73108]
Event: 166.500 Thread 0x0000027d9a973ec0 2420       3       com.google.common.collect.RegularImmutableList::listIterator (15 bytes)
Event: 166.500 Thread 0x0000027d9a973ec0 nmethod 2420 0x0000027d87c73210 code [0x0000027d87c733c0, 0x0000027d87c73508]
Event: 166.500 Thread 0x0000027d9a973ec0 2421       3       com.google.common.collect.Iterators::forArray (51 bytes)
Event: 166.500 Thread 0x0000027d9a973ec0 nmethod 2421 0x0000027d87c73610 code [0x0000027d87c73840, 0x0000027d87c74038]
Event: 166.500 Thread 0x0000027d9a973ec0 2422       3       com.google.common.base.Preconditions::checkArgument (13 bytes)
Event: 166.500 Thread 0x0000027d9a973ec0 nmethod 2422 0x0000027d87c74390 code [0x0000027d87c74540, 0x0000027d87c74728]
Event: 166.500 Thread 0x0000027d9a973ec0 2423       3       com.google.common.base.Preconditions::checkPositionIndexes (29 bytes)
Event: 166.500 Thread 0x0000027d9a973ec0 nmethod 2423 0x0000027d87c74810 code [0x0000027d87c749c0, 0x0000027d87c74c58]
Event: 168.894 Thread 0x0000027d9a9718e0 2424       4       java.util.concurrent.locks.ReentrantLock$NonfairSync::initialTryLock (58 bytes)
Event: 168.895 Thread 0x0000027d9a9718e0 nmethod 2424 0x0000027d8f4aaf90 code [0x0000027d8f4ab100, 0x0000027d8f4ab278]
Event: 170.503 Thread 0x0000027d9a9718e0 2425       4       java.lang.AbstractStringBuilder::append (55 bytes)

GC Heap History (4 events):
Event: 0.175 GC heap before
{Heap before GC invocations=0 (full 0):
 garbage-first heap   total 65536K, used 23552K [0x00000000fc000000, 0x0000000100000000)
  region size 1024K, 23 young (23552K), 0 survivors (0K)
 Metaspace       used 1787K, committed 1920K, reserved 1114112K
  class space    used 163K, committed 192K, reserved 1048576K
}
Event: 0.177 GC heap after
{Heap after GC invocations=1 (full 0):
 garbage-first heap   total 65536K, used 2416K [0x00000000fc000000, 0x0000000100000000)
  region size 1024K, 3 young (3072K), 3 survivors (3072K)
 Metaspace       used 1787K, committed 1920K, reserved 1114112K
  class space    used 163K, committed 192K, reserved 1048576K
}
Event: 0.574 GC heap before
{Heap before GC invocations=1 (full 0):
 garbage-first heap   total 65536K, used 35184K [0x00000000fc000000, 0x0000000100000000)
  region size 1024K, 32 young (32768K), 3 survivors (3072K)
 Metaspace       used 7312K, committed 7424K, reserved 1114112K
  class space    used 985K, committed 1024K, reserved 1048576K
}
Event: 0.577 GC heap after
{Heap after GC invocations=2 (full 0):
 garbage-first heap   total 65536K, used 11345K [0x00000000fc000000, 0x0000000100000000)
  region size 1024K, 4 young (4096K), 4 survivors (4096K)
 Metaspace       used 7312K, committed 7424K, reserved 1114112K
  class space    used 985K, committed 1024K, reserved 1048576K
}

Deoptimization events (20 events):
Event: 2.036 Thread 0x0000027dfd4886f0 DEOPT PACKING pc=0x0000027d8f3c8afc sp=0x000000d2aa2fd0a0
Event: 2.036 Thread 0x0000027dfd4886f0 DEOPT UNPACKING pc=0x0000027d8ec323a3 sp=0x000000d2aa2fd040 mode 2
Event: 135.785 Thread 0x0000027dfd4886f0 Uncommon trap: trap_request=0xffffff45 fr.pc=0x0000027d8f4a2454 relative=0x00000000000004b4
Event: 135.785 Thread 0x0000027dfd4886f0 Uncommon trap: reason=unstable_if action=reinterpret pc=0x0000027d8f4a2454 method=com.esotericsoftware.kryo.io.Input.readUtf8(I)V @ 48 c2
Event: 135.785 Thread 0x0000027dfd4886f0 DEOPT PACKING pc=0x0000027d8f4a2454 sp=0x000000d2aa2fcc50
Event: 135.785 Thread 0x0000027dfd4886f0 DEOPT UNPACKING pc=0x0000027d8ec323a3 sp=0x000000d2aa2fcbf0 mode 2
Event: 135.785 Thread 0x0000027dfd4886f0 Uncommon trap: trap_request=0xffffff45 fr.pc=0x0000027d8f3df064 relative=0x00000000000003c4
Event: 135.785 Thread 0x0000027dfd4886f0 Uncommon trap: reason=unstable_if action=reinterpret pc=0x0000027d8f3df064 method=java.lang.StringUTF16.compress([CII)[B @ 13 c2
Event: 135.785 Thread 0x0000027dfd4886f0 DEOPT PACKING pc=0x0000027d8f3df064 sp=0x000000d2aa2fcbb0
Event: 135.785 Thread 0x0000027dfd4886f0 DEOPT UNPACKING pc=0x0000027d8ec323a3 sp=0x000000d2aa2fcaf0 mode 2
Event: 135.785 Thread 0x0000027dfd4886f0 Uncommon trap: trap_request=0xffffff45 fr.pc=0x0000027d8f3df5a0 relative=0x0000000000000200
Event: 135.785 Thread 0x0000027dfd4886f0 Uncommon trap: reason=unstable_if action=reinterpret pc=0x0000027d8f3df5a0 method=java.lang.StringUTF16.compress([CII)[B @ 13 c2
Event: 135.785 Thread 0x0000027dfd4886f0 DEOPT PACKING pc=0x0000027d8f3df5a0 sp=0x000000d2aa2fcb40
Event: 135.785 Thread 0x0000027dfd4886f0 DEOPT UNPACKING pc=0x0000027d8ec323a3 sp=0x000000d2aa2fcae0 mode 2
Event: 135.800 Thread 0x0000027de0757ba0 Uncommon trap: trap_request=0xffffff45 fr.pc=0x0000027d8f3da27c relative=0x000000000000025c
Event: 135.800 Thread 0x0000027de0757ba0 Uncommon trap: reason=unstable_if action=reinterpret pc=0x0000027d8f3da27c method=java.lang.String.getChars(II[CI)V @ 23 c2
Event: 135.800 Thread 0x0000027de0757ba0 DEOPT PACKING pc=0x0000027d8f3da27c sp=0x000000d2abffe6a0
Event: 135.800 Thread 0x0000027de0757ba0 DEOPT UNPACKING pc=0x0000027d8ec323a3 sp=0x000000d2abffe638 mode 2
Event: 143.228 Thread 0x0000027dfd4886f0 DEOPT PACKING pc=0x0000027d87c641b5 sp=0x000000d2aa2fcda0
Event: 143.228 Thread 0x0000027dfd4886f0 DEOPT UNPACKING pc=0x0000027d8ec32b43 sp=0x000000d2aa2fc238 mode 0

Classes unloaded (0 events):
No events

Classes redefined (0 events):
No events

Internal exceptions (20 events):
Event: 0.339 Thread 0x0000027dfd4886f0 Implicit null exception at 0x0000027d8f3fc18f to 0x0000027d8f3fc209
Event: 0.346 Thread 0x0000027dfd4886f0 Exception <a 'java/lang/NoClassDefFoundError'{0x00000000fef3c4d0}: org/slf4j/impl/StaticMarkerBinder> (0x00000000fef3c4d0) 
thrown [s\open\src\hotspot\share\classfile\systemDictionary.cpp, line 245]
Event: 0.358 Thread 0x0000027dfd4886f0 Exception <a 'java/lang/NoSuchMethodError'{0x00000000fee67920}: 'java.lang.Object java.lang.invoke.Invokers$Holder.invoker(java.lang.Object, java.lang.Object, java.lang.Object)'> (0x00000000fee67920) 
thrown [s\open\src\hotspot\share\interpreter\linkResolver.cpp, line 759]
Event: 0.359 Thread 0x0000027dfd4886f0 Exception <a 'java/lang/NoSuchMethodError'{0x00000000fee70a78}: 'java.lang.Object java.lang.invoke.DirectMethodHandle$Holder.invokeStatic(java.lang.Object, java.lang.Object, int)'> (0x00000000fee70a78) 
thrown [s\open\src\hotspot\share\interpreter\linkResolver.cpp, line 759]
Event: 0.361 Thread 0x0000027dfd4886f0 Exception <a 'java/lang/NoSuchMethodError'{0x00000000fee7c768}: 'void java.lang.invoke.DelegatingMethodHandle$Holder.delegate(java.lang.Object, java.lang.Object, int, java.lang.Object)'> (0x00000000fee7c768) 
thrown [s\open\src\hotspot\share\interpreter\linkResolver.cpp, line 759]
Event: 0.363 Thread 0x0000027dfd4886f0 Exception <a 'java/lang/NoSuchMethodError'{0x00000000fee8fff8}: 'java.lang.Object java.lang.invoke.Invokers$Holder.invokeExact_MT(java.lang.Object, java.lang.Object, java.lang.Object, java.lang.Object)'> (0x00000000fee8fff8) 
thrown [s\open\src\hotspot\share\interpreter\linkResolver.cpp, line 759]
Event: 0.368 Thread 0x0000027dfd4886f0 Exception <a 'java/lang/NoSuchMethodError'{0x00000000feebbbc8}: 'java.lang.Object java.lang.invoke.DirectMethodHandle$Holder.invokeVirtual(java.lang.Object, java.lang.Object, java.lang.Object)'> (0x00000000feebbbc8) 
thrown [s\open\src\hotspot\share\interpreter\linkResolver.cpp, line 759]
Event: 0.412 Thread 0x0000027dfd4886f0 Exception <a 'java/lang/NoSuchMethodError'{0x00000000feab7288}: 'java.lang.Object java.lang.invoke.DirectMethodHandle$Holder.newInvokeSpecial(java.lang.Object, java.lang.Object, java.lang.Object, java.lang.Object, java.lang.Object)'> (0x00000000feab7288) 
thrown [s\open\src\hotspot\share\interpreter\linkResolver.cpp, line 759]
Event: 0.423 Thread 0x0000027dfd4886f0 Exception <a 'java/lang/NoSuchMethodError'{0x00000000fe9db3e8}: 'void java.lang.invoke.DirectMethodHandle$Holder.invokeSpecial(java.lang.Object, java.lang.Object, java.lang.Object)'> (0x00000000fe9db3e8) 
thrown [s\open\src\hotspot\share\interpreter\linkResolver.cpp, line 759]
Event: 0.550 Thread 0x0000027dfd4886f0 Exception <a 'java/lang/NoSuchMethodError'{0x00000000fe4f2678}: 'void java.lang.invoke.DirectMethodHandle$Holder.invokeStatic(java.lang.Object, java.lang.Object, java.lang.Object)'> (0x00000000fe4f2678) 
thrown [s\open\src\hotspot\share\interpreter\linkResolver.cpp, line 759]
Event: 0.569 Thread 0x0000027dfd4886f0 Exception <a 'java/lang/NoSuchMethodError'{0x00000000fe01d598}: 'java.lang.Object java.lang.invoke.DirectMethodHandle$Holder.newInvokeSpecial(java.lang.Object, java.lang.Object, java.lang.Object, java.lang.Object, java.lang.Object, java.lang.Object, java.lang.Object, java.lang.Object, java.lang.Object, java.lang.Object, java.lang.Object, java.lang.Object, java.lang.Object, java.lang.Object, java.lang.Object, java.lang.Object, java.lang.Object, java.lang.Object, java.lang.Object, java.lang.Object, java.lang
Event: 0.569 Thread 0x0000027dfd4886f0 Exception <a 'java/lang/NoSuchMethodError'{0x00000000fe029ba0}: 'java.lang.Object java.lang.invoke.Invokers$Holder.linkToTargetMethod(java.lang.Object, java.lang.Object, java.lang.Object, java.lang.Object, java.lang.Object, java.lang.Object, java.lang.Object, java.lang.Object, java.lang.Object, java.lang.Object, java.lang.Object, java.lang.Object, java.lang.Object, java.lang.Object, java.lang.Object, java.lang.Object, java.lang.Object, java.lang.Object, java.lang.Object, java.lang.Object, java.lang.Object,
Event: 0.589 Thread 0x0000027dfd4886f0 Exception <a 'java/lang/NoSuchMethodError'{0x00000000ffe89ee8}: 'java.lang.Object java.lang.invoke.DirectMethodHandle$Holder.invokeStaticInit(java.lang.Object, int, int, int, int)'> (0x00000000ffe89ee8) 
thrown [s\open\src\hotspot\share\interpreter\linkResolver.cpp, line 759]
Event: 0.675 Thread 0x0000027dfd4886f0 Exception <a 'java/lang/NoSuchMethodError'{0x00000000ffc50390}: 'java.lang.Object java.lang.invoke.DirectMethodHandle$Holder.invokeStaticInit(java.lang.Object, java.lang.Object, int, int, int, int)'> (0x00000000ffc50390) 
thrown [s\open\src\hotspot\share\interpreter\linkResolver.cpp, line 759]
Event: 0.718 Thread 0x0000027dfd4886f0 Exception <a 'java/lang/NoSuchMethodError'{0x00000000ffae4b88}: 'java.lang.Object java.lang.invoke.DirectMethodHandle$Holder.invokeStaticInit(java.lang.Object, int)'> (0x00000000ffae4b88) 
thrown [s\open\src\hotspot\share\interpreter\linkResolver.cpp, line 759]
Event: 0.825 Thread 0x0000027de1401050 Exception <a 'java/lang/NoSuchMethodError'{0x00000000ff31cbd0}: 'void java.lang.invoke.DirectMethodHandle$Holder.invokeStatic(java.lang.Object, long)'> (0x00000000ff31cbd0) 
thrown [s\open\src\hotspot\share\interpreter\linkResolver.cpp, line 759]
Event: 0.825 Thread 0x0000027de1401050 Exception <a 'java/lang/NoSuchMethodError'{0x00000000ff322528}: 'java.lang.Object java.lang.invoke.DirectMethodHandle$Holder.newInvokeSpecial(java.lang.Object, long)'> (0x00000000ff322528) 
thrown [s\open\src\hotspot\share\interpreter\linkResolver.cpp, line 759]
Event: 0.827 Thread 0x0000027de1401050 Exception <a 'java/lang/NoSuchMethodError'{0x00000000ff32d0d0}: 'java.lang.Object java.lang.invoke.DirectMethodHandle$Holder.invokeStaticInit(java.lang.Object, java.lang.Object, long, java.lang.Object)'> (0x00000000ff32d0d0) 
thrown [s\open\src\hotspot\share\interpreter\linkResolver.cpp, line 759]
Event: 0.828 Thread 0x0000027de1401050 Exception <a 'java/lang/NoSuchMethodError'{0x00000000ff333a40}: 'java.lang.Object java.lang.invoke.DirectMethodHandle$Holder.newInvokeSpecial(java.lang.Object, java.lang.Object, long)'> (0x00000000ff333a40) 
thrown [s\open\src\hotspot\share\interpreter\linkResolver.cpp, line 759]
Event: 0.828 Thread 0x0000027de1401050 Exception <a 'java/lang/NoSuchMethodError'{0x00000000ff36eb88}: 'java.lang.Object java.lang.invoke.Invokers$Holder.linkToTargetMethod(java.lang.Object, long, java.lang.Object)'> (0x00000000ff36eb88) 
thrown [s\open\src\hotspot\share\interpreter\linkResolver.cpp, line 759]

VM Operations (20 events):
Event: 135.989 Executing VM operation: Cleanup
Event: 135.989 Executing VM operation: Cleanup done
Event: 137.002 Executing VM operation: Cleanup
Event: 137.003 Executing VM operation: Cleanup done
Event: 138.017 Executing VM operation: Cleanup
Event: 138.018 Executing VM operation: Cleanup done
Event: 139.027 Executing VM operation: Cleanup
Event: 139.027 Executing VM operation: Cleanup done
Event: 142.051 Executing VM operation: Cleanup
Event: 142.051 Executing VM operation: Cleanup done
Event: 143.057 Executing VM operation: Cleanup
Event: 143.058 Executing VM operation: Cleanup done
Event: 144.067 Executing VM operation: Cleanup
Event: 144.067 Executing VM operation: Cleanup done
Event: 151.113 Executing VM operation: Cleanup
Event: 151.113 Executing VM operation: Cleanup done
Event: 153.118 Executing VM operation: Cleanup
Event: 153.118 Executing VM operation: Cleanup done
Event: 169.280 Executing VM operation: Cleanup
Event: 169.280 Executing VM operation: Cleanup done

Events (20 events):
Event: 128.353 loading class jdk/internal/logger/LazyLoggers$1
Event: 128.353 loading class jdk/internal/logger/LazyLoggers$1 done
Event: 128.353 loading class jdk/internal/logger/LazyLoggers$LazyLoggerFactories
Event: 128.354 loading class jdk/internal/logger/LazyLoggers$LazyLoggerFactories done
Event: 128.354 loading class jdk/internal/logger/LoggerFinderLoader
Event: 128.354 loading class jdk/internal/logger/LoggerFinderLoader done
Event: 128.354 loading class sun/util/logging/internal/LoggingProviderImpl$JULWrapper
Event: 128.354 loading class sun/util/logging/PlatformLogger$ConfigurableBridge$LoggerConfiguration
Event: 128.354 loading class sun/util/logging/PlatformLogger$ConfigurableBridge$LoggerConfiguration done
Event: 128.354 loading class sun/util/logging/internal/LoggingProviderImpl$JULWrapper done
Event: 128.355 loading class java/io/ObjectInputFilter
Event: 128.355 loading class java/io/ObjectInputFilter done
Event: 128.355 loading class java/io/ObjectInputFilter$Config$BuiltinFilterFactory
Event: 128.355 loading class java/io/ObjectInputFilter$Config$BuiltinFilterFactory done
Event: 128.355 loading class jdk/internal/access/JavaObjectInputFilterAccess
Event: 128.355 loading class jdk/internal/access/JavaObjectInputFilterAccess done
Event: 128.355 loading class java/lang/System$Logger$Level
Event: 128.355 loading class java/lang/System$Logger$Level done
Event: 128.355 loading class java/io/Bits
Event: 128.355 loading class java/io/Bits done


Dynamic libraries:
0x00007ff63bf30000 - 0x00007ff63bf40000 	D:\java\jdk17\bin\java.exe
0x00007ffab2180000 - 0x00007ffab23e9000 	C:\WINDOWS\SYSTEM32\ntdll.dll
0x00007ffab0130000 - 0x00007ffab01f9000 	C:\WINDOWS\System32\KERNEL32.DLL
0x00007ffaaf6c0000 - 0x00007ffaafab3000 	C:\WINDOWS\System32\KERNELBASE.dll
0x00007ffaafac0000 - 0x00007ffaafc0b000 	C:\WINDOWS\System32\ucrtbase.dll
0x00007ffaa09e0000 - 0x00007ffaa09fb000 	D:\java\jdk17\bin\VCRUNTIME140.dll
0x00007ffaa14e0000 - 0x00007ffaa14f9000 	D:\java\jdk17\bin\jli.dll
0x00007ffab1990000 - 0x00007ffab1a44000 	C:\WINDOWS\System32\ADVAPI32.dll
0x00007ffab1a50000 - 0x00007ffab1af9000 	C:\WINDOWS\System32\msvcrt.dll
0x00007ffab0680000 - 0x00007ffab0726000 	C:\WINDOWS\System32\sechost.dll
0x00007ffab0810000 - 0x00007ffab0928000 	C:\WINDOWS\System32\RPCRT4.dll
0x00007ffab0bf0000 - 0x00007ffab0db4000 	C:\WINDOWS\System32\USER32.dll
0x00007ffaaf5f0000 - 0x00007ffaaf617000 	C:\WINDOWS\System32\win32u.dll
0x00007ffa88c30000 - 0x00007ffa88ec3000 	C:\WINDOWS\WinSxS\amd64_microsoft.windows.common-controls_6595b64144ccf1df_6.0.26100.5074_none_3e0d6f78e32fd63f\COMCTL32.dll
0x00007ffab0e00000 - 0x00007ffab0e2b000 	C:\WINDOWS\System32\GDI32.dll
0x00007ffaafd90000 - 0x00007ffaafebd000 	C:\WINDOWS\System32\gdi32full.dll
0x00007ffaaf480000 - 0x00007ffaaf523000 	C:\WINDOWS\System32\msvcp_win.dll
0x00007ffaa3ea0000 - 0x00007ffaa3eab000 	C:\WINDOWS\SYSTEM32\VERSION.dll
0x00007ffab0dc0000 - 0x00007ffab0def000 	C:\WINDOWS\System32\IMM32.DLL
0x00007ffaa5160000 - 0x00007ffaa516c000 	D:\java\jdk17\bin\vcruntime140_1.dll
0x00007ffa8ea60000 - 0x00007ffa8eaee000 	D:\java\jdk17\bin\msvcp140.dll
0x00007ffa140e0000 - 0x00007ffa14cc1000 	D:\java\jdk17\bin\server\jvm.dll
0x00007ffab0bd0000 - 0x00007ffab0bd8000 	C:\WINDOWS\System32\PSAPI.DLL
0x00007ffa81cd0000 - 0x00007ffa81cda000 	C:\WINDOWS\SYSTEM32\WSOCK32.dll
0x00007ffaa9f20000 - 0x00007ffaa9f55000 	C:\WINDOWS\SYSTEM32\WINMM.dll
0x00007ffab0b50000 - 0x00007ffab0bc4000 	C:\WINDOWS\System32\WS2_32.dll
0x00007ffaae1d0000 - 0x00007ffaae1eb000 	C:\WINDOWS\SYSTEM32\kernel.appcore.dll
0x00007ffaa1580000 - 0x00007ffaa158a000 	D:\java\jdk17\bin\jimage.dll
0x00007ffaac950000 - 0x00007ffaacb92000 	C:\WINDOWS\SYSTEM32\DBGHELP.DLL
0x00007ffab0300000 - 0x00007ffab067b000 	C:\WINDOWS\System32\combase.dll
0x00007ffab0730000 - 0x00007ffab0807000 	C:\WINDOWS\System32\OLEAUT32.dll
0x00007ffa9bc70000 - 0x00007ffa9bcad000 	C:\WINDOWS\SYSTEM32\dbgcore.DLL
0x00007ffaaf620000 - 0x00007ffaaf6b9000 	C:\WINDOWS\System32\bcryptPrimitives.dll
0x00007ffaa09b0000 - 0x00007ffaa09d5000 	D:\java\jdk17\bin\java.dll
0x00007ffa877c0000 - 0x00007ffa87897000 	D:\java\jdk17\bin\jsvml.dll
0x00007ffab1000000 - 0x00007ffab174d000 	C:\WINDOWS\System32\SHELL32.dll
0x00007ffaaf310000 - 0x00007ffaaf47c000 	C:\WINDOWS\System32\wintypes.dll
0x00007ffaacf50000 - 0x00007ffaad7a9000 	C:\WINDOWS\SYSTEM32\windows.storage.dll
0x00007ffab1750000 - 0x00007ffab1840000 	C:\WINDOWS\System32\SHCORE.dll
0x00007ffab0290000 - 0x00007ffab02f2000 	C:\WINDOWS\System32\shlwapi.dll
0x00007ffaaf230000 - 0x00007ffaaf259000 	C:\WINDOWS\SYSTEM32\profapi.dll
0x00007ffaa0450000 - 0x00007ffaa0469000 	D:\java\jdk17\bin\net.dll
0x00007ffaa4390000 - 0x00007ffaa44af000 	C:\WINDOWS\SYSTEM32\WINHTTP.dll
0x00007ffaae730000 - 0x00007ffaae79b000 	C:\WINDOWS\system32\mswsock.dll
0x00007ffa9fe10000 - 0x00007ffa9fe26000 	D:\java\jdk17\bin\nio.dll
0x00007ffa9fdf0000 - 0x00007ffa9fe08000 	D:\java\jdk17\bin\zip.dll
0x00007ffaa09a0000 - 0x00007ffaa09b0000 	D:\java\jdk17\bin\verify.dll
0x00007ffa9fde0000 - 0x00007ffa9fdea000 	D:\java\jdk17\bin\management.dll
0x00007ffa9fdd0000 - 0x00007ffa9fddb000 	D:\java\jdk17\bin\management_ext.dll
0x00007ffa26820000 - 0x00007ffa26847000 	C:\Users\34975\.gradle\native\1def1411415f61bf3af743bc5b6707747c0891f09f0c88961ee8f79bc544acac\windows-amd64\native-platform.dll
0x00007ffa9f980000 - 0x00007ffa9f98a000 	C:\Users\34975\.gradle\native\jansi\1.18\windows64\jansi.dll
0x00007ffaadb90000 - 0x00007ffaadbc4000 	C:\WINDOWS\SYSTEM32\IPHLPAPI.DLL
0x00007ffab0ff0000 - 0x00007ffab0ffa000 	C:\WINDOWS\System32\NSI.dll
0x00007ffaa5940000 - 0x00007ffaa595e000 	C:\WINDOWS\SYSTEM32\dhcpcsvc6.DLL
0x00007ffaa5690000 - 0x00007ffaa56b3000 	C:\WINDOWS\SYSTEM32\dhcpcsvc.DLL
0x00007ffaadc30000 - 0x00007ffaadd56000 	C:\WINDOWS\SYSTEM32\DNSAPI.dll
0x00007ffaaea10000 - 0x00007ffaaea2b000 	C:\WINDOWS\SYSTEM32\CRYPTSP.dll
0x00007ffaae130000 - 0x00007ffaae16b000 	C:\WINDOWS\system32\rsaenh.dll
0x00007ffaae7d0000 - 0x00007ffaae7fb000 	C:\WINDOWS\SYSTEM32\USERENV.dll
0x00007ffaaf200000 - 0x00007ffaaf226000 	C:\WINDOWS\SYSTEM32\bcrypt.dll
0x00007ffaae970000 - 0x00007ffaae97c000 	C:\WINDOWS\SYSTEM32\CRYPTBASE.dll
0x00007ffa9ef80000 - 0x00007ffa9ef8e000 	D:\java\jdk17\bin\sunmscapi.dll
0x00007ffaafc10000 - 0x00007ffaafd87000 	C:\WINDOWS\System32\CRYPT32.dll
0x00007ffaaec50000 - 0x00007ffaaec80000 	C:\WINDOWS\SYSTEM32\ncrypt.dll
0x00007ffaaec00000 - 0x00007ffaaec3f000 	C:\WINDOWS\SYSTEM32\NTASN1.dll
0x00007ffa76aa0000 - 0x00007ffa76aa8000 	C:\WINDOWS\system32\wshunix.dll

dbghelp: loaded successfully - version: 4.0.5 - missing functions: none
symbol engine: initialized successfully - sym options: 0x614 - pdb path: .;D:\java\jdk17\bin;C:\WINDOWS\SYSTEM32;C:\WINDOWS\WinSxS\amd64_microsoft.windows.common-controls_6595b64144ccf1df_6.0.26100.5074_none_3e0d6f78e32fd63f;D:\java\jdk17\bin\server;C:\Users\34975\.gradle\native\1def1411415f61bf3af743bc5b6707747c0891f09f0c88961ee8f79bc544acac\windows-amd64;C:\Users\34975\.gradle\native\jansi\1.18\windows64

VM Arguments:
jvm_args: -Xmx64m -Xms64m -Dorg.gradle.appname=gradlew 
java_command: org.gradle.wrapper.GradleWrapperMain assembleRelease
java_class_path (initial): D:\tec_share\monorepo1\apps\app-rn\android\\gradle\wrapper\gradle-wrapper.jar
Launcher Type: SUN_STANDARD

[Global flags]
     intx CICompilerCount                          = 15                                        {product} {ergonomic}
     uint ConcGCThreads                            = 6                                         {product} {ergonomic}
     uint G1ConcRefinementThreads                  = 23                                        {product} {ergonomic}
   size_t G1HeapRegionSize                         = 1048576                                   {product} {ergonomic}
    uintx GCDrainStackTargetSize                   = 64                                        {product} {ergonomic}
   size_t InitialHeapSize                          = 67108864                                  {product} {command line}
   size_t MarkStackSize                            = 4194304                                   {product} {ergonomic}
   size_t MaxHeapSize                              = 67108864                                  {product} {command line}
   size_t MaxNewSize                               = 39845888                                  {product} {ergonomic}
   size_t MinHeapDeltaBytes                        = 1048576                                   {product} {ergonomic}
   size_t MinHeapSize                              = 67108864                                  {product} {command line}
    uintx NonNMethodCodeHeapSize                   = 8192380                                {pd product} {ergonomic}
    uintx NonProfiledCodeHeapSize                  = 121732930                              {pd product} {ergonomic}
    uintx ProfiledCodeHeapSize                     = 121732930                              {pd product} {ergonomic}
    uintx ReservedCodeCacheSize                    = 251658240                              {pd product} {ergonomic}
     bool SegmentedCodeCache                       = true                                      {product} {ergonomic}
   size_t SoftMaxHeapSize                          = 67108864                               {manageable} {ergonomic}
     bool UseCompressedClassPointers               = true                           {product lp64_product} {ergonomic}
     bool UseCompressedOops                        = true                           {product lp64_product} {ergonomic}
     bool UseG1GC                                  = true                                      {product} {ergonomic}
     bool UseLargePagesIndividualAllocation        = false                                  {pd product} {ergonomic}

Logging:
Log output configuration:
 #0: stdout all=warning uptime,level,tags
 #1: stderr all=off uptime,level,tags

Environment Variables:
JAVA_HOME=D:\java\jdk17
CLASSPATH=D:\tec_share\monorepo1\apps\app-rn\android\\gradle\wrapper\gradle-wrapper.jar
PATH=C:\Windows\system32;c:\Users\34975\AppData\Local\Programs\cursor\resources\app\bin;C:\Program Files\Common Files\Oracle\Java\javapath;D:\Pycharm\Scripts\;C:\Program Files\Java\jdk-11.0.15.1;D:\Pycharm\;D:\虚拟机\bin\;C:\windows;C:\windows\System32\Wbem;C:\windows\System32\WindowsPowerShell\v1.0\;C:\windows\System32\OpenSSH\;C:\Program Files (x86)\NVIDIA Corporation\PhysX\Common;C:\Program Files\NVIDIA Corporation\NVIDIA NvDLISR;C:\Users\Administrator\AppData\Local\Microsoft\WindowsApps;C:\Program Files\HP\OMEN-Broadcast\Common;D:\maven3.6.3\apache-maven-3.6.3-bin\apache-maven-3.6.3\bin;C:\Program Files\MySQL\MySQL Server 8.0\bin;D:\redis\;D:\C++\mingw64\bin;D:\nvm\nvm;D:\node;C:\Program Files\Google\Chrome\Application;C:\Program Files\Go\bin;D:\node\node_global\node_modules;C:\Program Files (x86)\Tencent\微信web开发者工具\dll;D:\Xsh;ll\;C:\Users\34975\.cargo\bin;C:\Users\34975\anacond;D:\Git\Git\cmd;C:\Program Files\Microsoft SQL Server\150\Tools\Binn\;C:\Program Files\Microsoft SQL Server\Client SDK\ODBC\170\Tools\Binn\;C:\Program Files\dotnet\;%SystemRoot%\system32;%SystemRoot%;%SystemRoot%\System32\Wbem;%SYSTEMROOT%\System32\WindowsPowerShell\v1.0\;%SYSTEMROOT%\System32\OpenSSH\;C:\Users\34975\AppData\Local\pnpm;C:\Users\34975\.cargo\bin;C:\Users\34975\AppData\Local\Microsoft\WindowsApps;C:\Program Files\JetBrains\IntelliJ IDEA 2025.1.1.1\bin;;node_global;D:\软件工具\pycharm\PyCharm 2023.2.1\bin;;D:\nvm\nvm;C:\Program Files\nodejs;C:\Program Files\JetBrains\WebStorm 2024.1.5\bin;;D:\软件工具\CLion 2023.2.2\bin;;D:\软件工具\GoLand 2023.2.4\bin;;C:\Users\34975\go\bin;D:\node\node_global;D:\软件工具\DevEco Studio\bin;;D:\harmonyOs\commandline-tools-windows-2.0.0.2\command-line-tools\ohpm\bin;D:\软件工具\RustRover 241.15989.180\bin;;D:\thingsborad\monitor\ffmpeg-7.0.1-essentials_build\ffmpeg-7.0.1-essentials_build\bin;C:\Users\34975\AppData\Local\Android\Sdk\platform-tools;C:\Users\34975\AppData\Local\Programs\Windsurf\bin;D:\flutter\flutter_windows_3.27.1-stable\f
USERNAME=34975
LANG=en_US.UTF-8
OS=Windows_NT
PROCESSOR_IDENTIFIER=Intel64 Family 6 Model 183 Stepping 1, GenuineIntel



---------------  S Y S T E M  ---------------

OS:
 Windows 11 , 64 bit Build 26100 (10.0.26100.5074)
OS uptime: 10 days 4:45 hours
Hyper-V role detected

CPU: total 32 (initial active 32) (16 cores per cpu, 2 threads per core) family 6 model 183 stepping 1 microcode 0x129, cx8, cmov, fxsr, ht, mmx, 3dnowpref, sse, sse2, sse3, ssse3, sse4.1, sse4.2, popcnt, lzcnt, tsc, tscinvbit, avx, avx2, aes, erms, clmul, bmi1, bmi2, adx, sha, fma, vzeroupper, clflush, clflushopt, clwb, hv

Memory: 4k page, system-wide physical 16077M (991M free)
TotalPageFile size 65229M (AvailPageFile size 12M)
current process WorkingSet (physical memory assigned to process): 109M, peak: 123M
current process commit charge ("private bytes"): 200M, peak: 214M

vm_info: Java HotSpot(TM) 64-Bit Server VM (17.0.9+11-LTS-201) for windows-amd64 JRE (17.0.9+11-LTS-201), built on Oct 10 2023 23:16:06 by "mach5one" with MS VC++ 17.1 (VS2022)

END.
